// Jest Snapshot v1, https://goo.gl/fbAQLP

exports[`EditUser should render form input fields 1`] = `
<div>
  <div
    class="bloowatch-edit-user__wrapper"
    data-testid="form__wrapper"
  >
    <form
      class="bloowatch-edit-user__form"
      data-testid="form"
      novalidate=""
    >
      <h3>
        Edit User
      </h3>
      <div
        class="bloowatch-edit-user__user-name"
      >
        <svg
          class="bloowatch-edit-user__name-icon"
          fill="currentColor"
          height="1em"
          stroke="currentColor"
          stroke-width="0"
          viewBox="0 0 448 512"
          width="1em"
          xmlns="http://www.w3.org/2000/svg"
        >
          <path
            d="M224 256A128 128 0 1 0 224 0a128 128 0 1 0 0 256zm-45.7 48C79.8 304 0 383.8 0 482.3C0 498.7 13.3 512 29.7 512H418.3c16.4 0 29.7-13.3 29.7-29.7C448 383.8 368.2 304 269.7 304H178.3z"
          />
        </svg>
        <input
          name="name"
          placeholder="Name"
          type="text"
          value=""
        />
      </div>
      <p
        class="bloowatch-login-register__error"
      />
      <div
        class="bloowatch-register-login__user-email"
      >
        <svg
          class="bloowatch-register-login__email-icon"
          fill="currentColor"
          height="1em"
          stroke="currentColor"
          stroke-width="0"
          viewBox="0 0 24 24"
          width="1em"
          xmlns="http://www.w3.org/2000/svg"
        >
          <path
            d="M0 0h24v24H0z"
            fill="none"
          />
          <path
            d="M20 4H4c-1.1 0-1.99.9-1.99 2L2 18c0 1.1.9 2 2 2h16c1.1 0 2-.9 2-2V6c0-1.1-.9-2-2-2zm0 4l-8 5-8-5V6l8 5 8-5v2z"
          />
        </svg>
        <input
          name="email"
          placeholder="Email"
          readonly=""
          type="email"
          value=""
        />
      </div>
      <div
        class="bloowatch-edit-user__user-password"
      >
        <svg
          class="bloowatch-edit-user__password-icon"
          fill="currentColor"
          height="1em"
          stroke="currentColor"
          stroke-width="0"
          viewBox="0 0 512 512"
          width="1em"
          xmlns="http://www.w3.org/2000/svg"
        >
          <path
            d="M376 186h-20v-40c0-55-45-100-100-100S156 91 156 146v40h-20c-22.002 0-40 17.998-40 40v200c0 22.002 17.998 40 40 40h240c22.002 0 40-17.998 40-40V226c0-22.002-17.998-40-40-40zM256 368c-22.002 0-40-17.998-40-40s17.998-40 40-40 40 17.998 40 40-17.998 40-40 40zm62.002-182H193.998v-40c0-34.004 28.003-62.002 62.002-62.002 34.004 0 62.002 27.998 62.002 62.002v40z"
          />
        </svg>
        <input
          name="currentPassword"
          placeholder="Current Password"
          type="password"
          value=""
        />
        <p>
          Show
        </p>
      </div>
      <p
        class="bloowatch-login-register__error"
      />
      <div
        class="bloowatch-edit-user__button"
      >
        <button>
          Save Changes
        </button>
        <button
          type="button"
        >
          Change Password
        </button>
      </div>
    </form>
  </div>
</div>
`;
